C:\Users\shubh\Desktop\USER MANAGEMENT SYSTEM\src\main\java\com\enterprise\usermanagement\config\DataInitializer.java
C:\Users\shubh\Desktop\USER MANAGEMENT SYSTEM\src\main\java\com\enterprise\usermanagement\config\OpenApiConfig.java
C:\Users\shubh\Desktop\USER MANAGEMENT SYSTEM\src\main\java\com\enterprise\usermanagement\controller\AuthController.java
C:\Users\shubh\Desktop\USER MANAGEMENT SYSTEM\src\main\java\com\enterprise\usermanagement\controller\UserController.java
C:\Users\shubh\Desktop\USER MANAGEMENT SYSTEM\src\main\java\com\enterprise\usermanagement\dto\ApiError.java
C:\Users\shubh\Desktop\USER MANAGEMENT SYSTEM\src\main\java\com\enterprise\usermanagement\dto\LoginRequest.java
C:\Users\shubh\Desktop\USER MANAGEMENT SYSTEM\src\main\java\com\enterprise\usermanagement\dto\LoginResponse.java
C:\Users\shubh\Desktop\USER MANAGEMENT SYSTEM\src\main\java\com\enterprise\usermanagement\dto\RegisterRequest.java
C:\Users\shubh\Desktop\USER MANAGEMENT SYSTEM\src\main\java\com\enterprise\usermanagement\dto\UserRequest.java
C:\Users\shubh\Desktop\USER MANAGEMENT SYSTEM\src\main\java\com\enterprise\usermanagement\dto\UserResponse.java
C:\Users\shubh\Desktop\USER MANAGEMENT SYSTEM\src\main\java\com\enterprise\usermanagement\entity\Role.java
C:\Users\shubh\Desktop\USER MANAGEMENT SYSTEM\src\main\java\com\enterprise\usermanagement\entity\User.java
C:\Users\shubh\Desktop\USER MANAGEMENT SYSTEM\src\main\java\com\enterprise\usermanagement\exception\DuplicateResourceException.java
C:\Users\shubh\Desktop\USER MANAGEMENT SYSTEM\src\main\java\com\enterprise\usermanagement\exception\GlobalExceptionHandler.java
C:\Users\shubh\Desktop\USER MANAGEMENT SYSTEM\src\main\java\com\enterprise\usermanagement\exception\ResourceNotFoundException.java
C:\Users\shubh\Desktop\USER MANAGEMENT SYSTEM\src\main\java\com\enterprise\usermanagement\exception\UnauthorizedException.java
C:\Users\shubh\Desktop\USER MANAGEMENT SYSTEM\src\main\java\com\enterprise\usermanagement\repository\UserRepository.java
C:\Users\shubh\Desktop\USER MANAGEMENT SYSTEM\src\main\java\com\enterprise\usermanagement\security\CustomUserDetails.java
C:\Users\shubh\Desktop\USER MANAGEMENT SYSTEM\src\main\java\com\enterprise\usermanagement\security\CustomUserDetailsService.java
C:\Users\shubh\Desktop\USER MANAGEMENT SYSTEM\src\main\java\com\enterprise\usermanagement\security\JwtAuthenticationFilter.java
C:\Users\shubh\Desktop\USER MANAGEMENT SYSTEM\src\main\java\com\enterprise\usermanagement\security\JwtService.java
C:\Users\shubh\Desktop\USER MANAGEMENT SYSTEM\src\main\java\com\enterprise\usermanagement\security\SecurityConfig.java
C:\Users\shubh\Desktop\USER MANAGEMENT SYSTEM\src\main\java\com\enterprise\usermanagement\service\AuthService.java
C:\Users\shubh\Desktop\USER MANAGEMENT SYSTEM\src\main\java\com\enterprise\usermanagement\service\UserService.java
C:\Users\shubh\Desktop\USER MANAGEMENT SYSTEM\src\main\java\com\enterprise\usermanagement\UserManagementApplication.java
